(196608, 4096, 0.00045326497700326718, 1008, 21.737065119284157, 0.009765625, 0.0455)


>>> x[0]
array([  1.96608000e+05,   4.09600000e+03,   2.06235565e-01,
         1.00800000e+03,   2.17370651e+01,   9.76562500e-03,
         1.00000000e-04])
>>> x[454]
array([  1.96608000e+05,   4.09600000e+03,   4.53264977e-04,
         1.00800000e+03,   2.17370651e+01,   9.76562500e-03,
         4.55000000e-02])
>>> x[600]                                                                                                                                                                               
array([  1.96608000e+05,   4.09600000e+03,   1.85797806e-05,
         1.00800000e+03,   2.17370651e+01,   9.76562500e-03,
         1.11000000e+00])
>>> x[8000]                                                                                                                                                                              
Traceback (most recent call last):
  File "<stdin>", line 1, in <module>
IndexError: index 8000 is out of bounds for axis 0 with size 7912
>>> x[7000]
array([  1.00504000e+05,   3.40000000e+01,   1.05883497e-01,
         5.91200000e+03,   1.01389964e+03,   5.88235294e-02,
         7.80000000e-03])